mode: count
fmt/format.go:30.13,31.29 1 1
fmt/format.go:31.29,34.3 2 65
fmt/format.go:67.28,69.2 1 15033
fmt/format.go:71.33,74.2 2 6567
fmt/format.go:77.85,80.11 3 7039
fmt/format.go:84.2,85.11 2 7039
fmt/format.go:96.2,96.8 1 23
fmt/format.go:80.11,83.3 2 0
fmt/format.go:85.11,86.21 1 7016
fmt/format.go:89.3,89.11 1 4691
fmt/format.go:86.21,88.4 1 2325
fmt/format.go:89.11,91.4 1 4675
fmt/format.go:91.4,94.4 1 16
fmt/format.go:100.51,101.12 1 7016
fmt/format.go:101.12,103.16 2 7017
fmt/format.go:106.3,107.9 2 7017
fmt/format.go:103.16,105.4 1 1
fmt/format.go:112.29,113.33 1 10001
fmt/format.go:117.2,118.14 2 7027
fmt/format.go:121.2,122.15 2 7027
fmt/format.go:113.33,116.3 2 2992
fmt/format.go:118.14,120.3 1 6992
fmt/format.go:122.15,124.3 1 13
fmt/format.go:128.35,129.33 1 381
fmt/format.go:133.2,134.14 2 12
fmt/format.go:137.2,138.15 2 12
fmt/format.go:129.33,132.3 2 372
fmt/format.go:134.14,136.3 1 8
fmt/format.go:138.15,140.3 1 3
fmt/format.go:149.35,150.7 1 7
fmt/format.go:150.7,152.3 1 4
fmt/format.go:152.3,154.3 1 3
fmt/format.go:159.77,161.44 1 2779
fmt/format.go:165.2,166.18 2 2783
fmt/format.go:178.2,179.14 2 2789
fmt/format.go:185.2,186.19 2 2795
fmt/format.go:200.2,204.14 3 2801
fmt/format.go:233.2,235.33 3 2807
fmt/format.go:241.2,241.13 1 2813
fmt/format.go:255.2,255.15 1 2819
fmt/format.go:262.2,262.14 1 2825
fmt/format.go:274.2,274.88 1 2831
fmt/format.go:290.2,290.16 1 2837
fmt/format.go:161.44,163.3 1 2
fmt/format.go:166.18,168.28 2 42
fmt/format.go:172.3,172.20 1 42
fmt/format.go:168.28,171.4 1 6
fmt/format.go:172.20,175.4 1 12
fmt/format.go:179.14,181.3 1 21
fmt/format.go:186.19,189.3 2 25
fmt/format.go:189.3,189.60 1 2860
fmt/format.go:189.60,191.36 2 21
fmt/format.go:191.36,193.4 1 10
fmt/format.go:205.2,206.16 1 2202
fmt/format.go:212.2,213.16 1 673
fmt/format.go:218.2,219.15 1 19
fmt/format.go:224.2,225.15 1 9
fmt/format.go:230.2,231.43 1 0
fmt/format.go:206.16,211.4 4 3545
fmt/format.go:213.16,217.4 3 305
fmt/format.go:219.15,223.4 3 60
fmt/format.go:225.15,229.4 3 132
fmt/format.go:235.33,238.3 2 1348
fmt/format.go:241.13,242.15 1 60
fmt/format.go:243.3,244.21 1 12
fmt/format.go:248.3,252.16 4 40
fmt/format.go:244.21,247.5 2 7
fmt/format.go:255.15,260.3 4 13
fmt/format.go:262.14,265.3 2 21
fmt/format.go:265.3,265.19 1 2978
fmt/format.go:265.19,268.3 2 3
fmt/format.go:268.3,268.20 1 2987
fmt/format.go:268.20,271.3 2 2
fmt/format.go:274.88,288.3 12 2
fmt/format.go:294.41,295.57 1 432
fmt/format.go:305.2,305.10 1 433
fmt/format.go:295.57,297.20 2 13
fmt/format.go:297.20,298.14 1 62
fmt/format.go:302.4,302.7 1 49
fmt/format.go:298.14,300.10 2 13
fmt/format.go:309.31,312.2 2 395
fmt/format.go:315.58,317.14 2 27
fmt/format.go:320.2,323.25 3 27
fmt/format.go:338.2,338.12 1 27
fmt/format.go:317.14,319.3 1 9
fmt/format.go:323.25,324.23 1 98
fmt/format.go:327.3,327.37 1 98
fmt/format.go:330.3,331.15 2 98
fmt/format.go:336.3,336.49 1 98
fmt/format.go:324.23,326.4 1 21
fmt/format.go:327.37,329.4 1 25
fmt/format.go:331.15,333.4 1 32
fmt/format.go:333.4,335.4 1 66
fmt/format.go:342.40,343.38 1 9
fmt/format.go:346.2,346.27 1 9
fmt/format.go:343.38,345.3 1 2
fmt/format.go:350.47,351.38 1 18
fmt/format.go:354.2,354.26 1 18
fmt/format.go:351.38,353.3 1 2
fmt/format.go:358.31,361.40 3 43
fmt/format.go:370.2,370.21 1 43
fmt/format.go:361.40,363.3 1 3
fmt/format.go:363.3,364.13 1 40
fmt/format.go:364.13,366.4 1 2
fmt/format.go:366.4,368.4 1 38
fmt/format.go:375.31,377.12 2 8
fmt/format.go:382.2,382.15 1 8
fmt/format.go:377.12,379.3 1 0
fmt/format.go:379.3,381.3 1 8
fmt/format.go:387.34,388.19 1 7247
fmt/format.go:391.2,391.12 1 184
fmt/format.go:388.19,390.3 1 7063
fmt/format.go:395.62,398.36 2 7253
fmt/format.go:404.2,404.22 1 7253
fmt/format.go:413.2,413.48 1 7253
fmt/format.go:425.2,425.30 1 4930
fmt/format.go:432.2,432.49 1 4205
fmt/format.go:437.2,437.16 1 438
fmt/format.go:398.36,400.3 1 3515
fmt/format.go:400.3,402.3 1 3738
fmt/format.go:404.22,405.13 1 2312
fmt/format.go:405.13,406.17 1 1158
fmt/format.go:407.4,407.18 1 1158
fmt/format.go:406.17,406.34 1 1158
fmt/format.go:413.48,414.24 1 2323
fmt/format.go:421.3,422.9 2 2323
fmt/format.go:414.24,417.4 2 289
fmt/format.go:417.4,417.29 1 2034
fmt/format.go:417.29,420.4 2 1745
fmt/format.go:425.30,429.3 3 725
fmt/format.go:432.49,435.3 2 3767
fmt/format.go:441.34,441.77 1 590
fmt/format.go:444.34,444.77 1 582
fmt/format.go:447.34,447.77 1 1251
fmt/format.go:450.34,450.78 1 598
fmt/format.go:453.34,453.78 1 580
fmt/format.go:456.35,456.67 1 1
fmt/format.go:463.34,463.86 1 0
fmt/format.go:466.34,466.86 1 0
fmt/format.go:469.34,469.86 1 2
fmt/format.go:472.34,472.87 1 104
fmt/format.go:475.34,475.87 1 2
fmt/format.go:478.35,478.76 1 1
fmt/format.go:481.47,483.2 1 8
fmt/format.go:486.49,488.2 1 1763
fmt/format.go:491.62,496.20 5 1771
fmt/format.go:520.2,523.27 4 1771
fmt/format.go:496.20,497.15 1 3542
fmt/format.go:511.3,511.13 1 3542
fmt/format.go:515.3,518.8 4 1771
fmt/format.go:498.3,499.34 1 4
fmt/format.go:500.3,501.45 1 586
fmt/format.go:502.3,503.45 1 578
fmt/format.go:504.3,505.45 1 1186
fmt/format.go:506.3,507.46 1 612
fmt/format.go:508.3,509.46 1 576
fmt/format.go:511.13,512.9 1 1771
fmt/print.go:78.53,81.2 2 19816
fmt/print.go:83.59,86.2 2 7353
fmt/print.go:88.42,91.2 2 4170
fmt/print.go:93.43,94.23 1 6427
fmt/print.go:99.2,101.29 3 1
fmt/print.go:104.2,106.12 3 1
fmt/print.go:94.23,97.3 2 6426
fmt/print.go:101.29,103.3 1 0
fmt/print.go:128.26,128.44 1 12
fmt/print.go:132.23,138.2 5 6730
fmt/print.go:141.21,143.23 1 6731
fmt/print.go:146.2,149.15 4 6732
fmt/print.go:143.23,145.3 1 0
fmt/print.go:152.41,152.79 1 60
fmt/print.go:154.46,154.86 1 60
fmt/print.go:156.31,157.11 1 7680
fmt/print.go:169.2,169.14 1 7380
fmt/print.go:158.2,159.21 1 60
fmt/print.go:160.2,161.20 1 60
fmt/print.go:162.2,163.21 1 60
fmt/print.go:164.2,165.21 1 60
fmt/print.go:166.2,167.20 1 60
fmt/print.go:172.26,174.2 1 138
fmt/print.go:178.51,180.2 1 74
fmt/print.go:186.79,192.2 5 1990
fmt/print.go:196.65,198.2 1 0
fmt/print.go:201.54,207.2 5 4733
fmt/print.go:211.52,213.2 1 0
fmt/print.go:220.63,226.2 5 8
fmt/print.go:231.49,233.2 1 0
fmt/print.go:237.38,243.2 5 11
fmt/print.go:252.65,258.2 5 1
fmt/print.go:263.51,265.2 1 1
fmt/print.go:269.40,275.2 5 2
fmt/print.go:280.53,282.53 2 43
fmt/print.go:285.2,285.12 1 43
fmt/print.go:282.53,284.3 1 0
fmt/print.go:289.73,290.18 1 16134
fmt/print.go:293.2,293.75 1 15213
fmt/print.go:297.2,297.8 1 15220
fmt/print.go:290.18,292.3 1 928
fmt/print.go:293.75,296.3 2 16009
fmt/print.go:300.43,301.18 1 0
fmt/print.go:305.2,307.22 3 0
fmt/print.go:301.18,304.3 2 0
fmt/print.go:310.33,316.9 6 16
fmt/print.go:328.2,329.20 2 16
fmt/print.go:317.2,320.28 3 12
fmt/print.go:321.2,324.32 3 0
fmt/print.go:325.2,326.29 1 4
fmt/print.go:332.41,333.14 1 8
fmt/print.go:334.2,335.23 1 7
fmt/print.go:336.2,337.18 1 1
fmt/print.go:342.28,344.19 2 14
fmt/print.go:347.2,348.27 2 14
fmt/print.go:344.19,346.3 1 0
fmt/print.go:351.43,352.14 1 2438
fmt/print.go:353.2,354.39 1 8
fmt/print.go:355.2,356.12 1 14
fmt/print.go:357.2,358.40 1 2061
fmt/print.go:359.2,360.39 1 14
fmt/print.go:361.2,362.34 1 9
fmt/print.go:367.2,368.40 1 317
fmt/print.go:369.2,370.18 1 12
fmt/print.go:371.2,372.40 1 4
fmt/print.go:373.2,374.18 1 2
fmt/print.go:362.34,364.4 1 8
fmt/print.go:364.4,366.4 1 1
fmt/print.go:380.48,385.2 4 30
fmt/print.go:389.34,394.18 5 13
fmt/print.go:399.2,406.21 8 13
fmt/print.go:394.18,398.3 2 10
fmt/print.go:409.45,410.14 1 1519
fmt/print.go:411.2,412.48 1 1
fmt/print.go:413.2,414.19 1 0
fmt/print.go:415.2,416.49 1 1171
fmt/print.go:417.2,418.19 1 46
fmt/print.go:423.2,424.48 1 5
fmt/print.go:425.2,426.34 1 1
fmt/print.go:431.2,432.49 1 306
fmt/print.go:433.2,434.49 1 3
fmt/print.go:435.2,436.25 1 1
fmt/print.go:437.2,438.18 1 0
fmt/print.go:418.19,420.4 1 16
fmt/print.go:420.4,422.4 1 30
fmt/print.go:426.34,428.4 1 0
fmt/print.go:428.4,430.4 1 1
fmt/print.go:442.47,443.14 1 109
fmt/print.go:444.2,445.20 1 1
fmt/print.go:446.2,447.19 1 0
fmt/print.go:448.2,449.19 1 0
fmt/print.go:450.2,451.19 1 2
fmt/print.go:452.2,453.19 1 104
fmt/print.go:454.2,455.19 1 2
fmt/print.go:456.2,457.18 1 0
fmt/print.go:461.47,462.14 1 3602
fmt/print.go:463.2,464.20 1 1
fmt/print.go:465.2,466.19 1 590
fmt/print.go:467.2,468.19 1 582
fmt/print.go:469.2,470.19 1 1251
fmt/print.go:471.2,472.19 1 598
fmt/print.go:473.2,474.19 1 580
fmt/print.go:475.2,476.18 1 0
fmt/print.go:480.51,481.14 1 8
fmt/print.go:482.2,483.25 1 3
fmt/print.go:484.2,485.24 1 5
fmt/print.go:486.2,487.18 1 0
fmt/print.go:491.53,492.14 1 1763
fmt/print.go:493.2,494.26 1 1757
fmt/print.go:495.2,496.25 1 6
fmt/print.go:497.2,498.18 1 0
fmt/print.go:502.45,503.14 1 623
fmt/print.go:504.2,505.19 1 86
fmt/print.go:510.2,511.17 1 504
fmt/print.go:512.2,513.27 1 8
fmt/print.go:514.2,515.27 1 1
fmt/print.go:516.2,517.17 1 23
fmt/print.go:518.2,519.18 1 3
fmt/print.go:505.19,507.4 1 12
fmt/print.go:507.4,509.4 1 74
fmt/print.go:523.73,524.32 1 34
fmt/print.go:561.2,561.14 1 31
fmt/print.go:524.32,525.19 1 3
fmt/print.go:544.3,544.23 1 2
fmt/print.go:554.3,554.19 1 2
fmt/print.go:559.3,559.9 1 2
fmt/print.go:525.19,526.16 1 1
fmt/print.go:535.4,535.18 1 0
fmt/print.go:526.16,527.19 1 1
fmt/print.go:533.5,533.11 1 1
fmt/print.go:527.19,529.6 1 1
fmt/print.go:529.6,532.6 2 0
fmt/print.go:535.18,537.5 1 0
fmt/print.go:537.5,540.5 2 0
fmt/print.go:541.4,543.4 1 2
fmt/print.go:544.23,545.13 1 6
fmt/print.go:552.4,552.31 1 6
fmt/print.go:545.13,546.21 1 4
fmt/print.go:546.21,548.6 1 0
fmt/print.go:548.6,550.6 1 4
fmt/print.go:554.19,556.4 1 0
fmt/print.go:556.4,558.4 1 2
fmt/print.go:562.2,563.25 1 5
fmt/print.go:564.2,565.27 1 11
fmt/print.go:566.2,567.27 1 7
fmt/print.go:568.2,569.25 1 8
fmt/print.go:570.2,571.18 1 0
fmt/print.go:575.57,577.14 2 327
fmt/print.go:588.2,589.22 2 324
fmt/print.go:597.2,597.18 1 323
fmt/print.go:578.2,578.16 0 18
fmt/print.go:580.2,581.18 1 306
fmt/print.go:583.2,585.9 2 3
fmt/print.go:590.2,591.22 1 323
fmt/print.go:592.2,594.9 2 1
fmt/print.go:597.18,602.13 5 3
fmt/print.go:607.3,607.13 1 3
fmt/print.go:602.13,604.4 1 0
fmt/print.go:604.4,606.4 1 3
fmt/print.go:608.3,608.34 1 320
fmt/print.go:608.34,610.3 1 3
fmt/print.go:610.3,611.14 1 317
fmt/print.go:611.14,613.4 1 11
fmt/print.go:613.4,615.4 1 306
fmt/print.go:624.53,625.34 1 117
fmt/print.go:625.34,629.70 1 9
fmt/print.go:635.3,635.18 1 6
fmt/print.go:639.3,646.23 8 6
fmt/print.go:629.70,632.4 2 3
fmt/print.go:635.18,638.4 1 0
fmt/print.go:651.55,653.11 2 77
fmt/print.go:657.2,658.12 2 77
fmt/print.go:662.2,662.8 1 77
fmt/print.go:653.11,656.3 2 9
fmt/print.go:658.12,661.3 2 7
fmt/print.go:667.54,668.11 1 77
fmt/print.go:672.2,672.12 1 77
fmt/print.go:668.11,671.3 2 9
fmt/print.go:672.12,675.3 2 7
fmt/print.go:678.65,679.16 1 794
fmt/print.go:683.2,683.44 1 790
fmt/print.go:692.2,692.18 1 713
fmt/print.go:725.2,725.14 1 673
fmt/print.go:679.16,681.3 1 4
fmt/print.go:683.44,689.3 5 77
fmt/print.go:692.18,693.45 1 92
fmt/print.go:693.45,699.4 4 5
fmt/print.go:700.3,704.15 1 621
fmt/print.go:705.3,710.29 1 594
fmt/print.go:711.4,715.11 4 3
fmt/print.go:717.4,721.11 4 32
fmt/print.go:728.79,732.16 3 10930
fmt/print.go:743.2,743.14 1 10928
fmt/print.go:753.2,753.25 1 10921
fmt/print.go:800.2,801.8 2 10401
fmt/print.go:732.16,733.33 1 9
fmt/print.go:738.3,738.15 1 9
fmt/print.go:733.33,735.4 1 5
fmt/print.go:735.4,737.4 1 4
fmt/print.go:744.2,746.15 2 4
fmt/print.go:747.2,749.15 2 10
fmt/print.go:754.2,755.21 1 2
fmt/print.go:756.2,757.24 1 108
fmt/print.go:758.2,759.24 1 3593
fmt/print.go:760.2,761.26 1 4
fmt/print.go:762.2,763.27 1 1759
fmt/print.go:764.2,765.29 1 2094
fmt/print.go:766.2,767.29 1 1
fmt/print.go:768.2,769.29 1 1
fmt/print.go:770.2,771.29 1 26
fmt/print.go:772.2,773.22 1 371
fmt/print.go:774.2,775.31 1 3
fmt/print.go:776.2,777.31 1 7
fmt/print.go:778.2,779.31 1 741
fmt/print.go:780.2,781.31 1 1118
fmt/print.go:782.2,783.23 1 8
fmt/print.go:784.2,785.31 1 1
fmt/print.go:786.2,788.41 2 678
fmt/print.go:789.2,791.26 2 23
fmt/print.go:792.2,794.55 1 527
fmt/print.go:798.3,798.64 1 451
fmt/print.go:794.55,796.4 1 76
fmt/print.go:805.85,806.22 1 269
fmt/print.go:817.2,817.14 1 267
fmt/print.go:828.2,829.26 2 267
fmt/print.go:832.2,832.54 1 267
fmt/print.go:836.2,836.48 1 226
fmt/print.go:806.22,807.33 1 2
fmt/print.go:812.3,812.15 1 2
fmt/print.go:807.33,809.4 1 2
fmt/print.go:809.4,811.4 1 0
fmt/print.go:818.2,820.15 2 0
fmt/print.go:821.2,823.15 2 0
fmt/print.go:829.26,831.3 1 227
fmt/print.go:832.54,834.3 1 41
fmt/print.go:843.92,847.30 3 677
fmt/print.go:1009.2,1010.18 2 677
fmt/print.go:848.2,849.28 1 6
fmt/print.go:850.2,851.28 1 99
fmt/print.go:852.2,853.30 1 43
fmt/print.go:854.2,855.27 1 10
fmt/print.go:860.2,861.27 1 8
fmt/print.go:866.2,867.32 1 51
fmt/print.go:868.2,869.19 1 13
fmt/print.go:879.3,880.28 2 12
fmt/print.go:892.3,892.19 1 12
fmt/print.go:897.2,898.19 1 17
fmt/print.go:901.3,904.37 4 17
fmt/print.go:920.3,920.23 1 17
fmt/print.go:921.2,923.23 2 25
fmt/print.go:933.2,939.131 1 73
fmt/print.go:958.3,958.19 1 62
fmt/print.go:968.3,968.32 1 60
fmt/print.go:978.3,978.19 1 60
fmt/print.go:983.2,987.27 2 330
fmt/print.go:1003.3,1003.14 1 315
fmt/print.go:1004.2,1005.28 1 317
fmt/print.go:1006.2,1007.19 1 0
fmt/print.go:855.27,857.4 1 1
fmt/print.go:857.4,859.4 1 9
fmt/print.go:861.27,863.4 1 4
fmt/print.go:863.4,865.4 1 4
fmt/print.go:869.19,871.17 2 4
fmt/print.go:875.4,875.24 1 3
fmt/print.go:871.17,873.10 2 1
fmt/print.go:876.4,878.4 1 9
fmt/print.go:880.28,881.13 1 19
fmt/print.go:888.4,890.48 3 19
fmt/print.go:881.13,882.21 1 11
fmt/print.go:882.21,884.6 1 0
fmt/print.go:884.6,886.6 1 11
fmt/print.go:892.19,894.4 1 3
fmt/print.go:894.4,896.4 1 9
fmt/print.go:898.19,900.4 1 6
fmt/print.go:904.37,905.13 1 43
fmt/print.go:912.4,912.35 1 43
fmt/print.go:918.4,918.47 1 43
fmt/print.go:905.13,906.21 1 27
fmt/print.go:906.21,908.6 1 9
fmt/print.go:908.6,910.6 1 18
fmt/print.go:912.35,913.38 1 33
fmt/print.go:913.38,916.6 2 33
fmt/print.go:923.23,924.20 1 7
fmt/print.go:924.20,927.5 2 3
fmt/print.go:927.5,929.5 1 4
fmt/print.go:930.4,932.4 1 18
fmt/print.go:939.131,941.33 2 11
fmt/print.go:954.4,956.9 3 11
fmt/print.go:941.33,943.5 1 11
fmt/print.go:943.5,943.26 1 0
fmt/print.go:943.26,945.5 1 0
fmt/print.go:945.5,950.26 2 0
fmt/print.go:950.26,952.6 1 0
fmt/print.go:958.19,960.46 2 14
fmt/print.go:964.4,964.24 1 12
fmt/print.go:960.46,962.10 2 2
fmt/print.go:965.4,967.4 1 48
fmt/print.go:968.32,969.13 1 155
fmt/print.go:976.4,976.43 1 155
fmt/print.go:969.13,970.21 1 97
fmt/print.go:970.21,972.6 1 30
fmt/print.go:972.6,974.6 1 67
fmt/print.go:978.19,980.4 1 12
fmt/print.go:980.4,982.4 1 48
fmt/print.go:987.27,988.35 1 22
fmt/print.go:989.4,992.20 3 9
fmt/print.go:993.4,996.20 3 3
fmt/print.go:997.4,1000.20 3 3
fmt/print.go:1014.83,1016.21 2 20
fmt/print.go:1020.2,1020.8 1 20
fmt/print.go:1016.21,1019.3 2 20
fmt/print.go:1029.66,1031.35 1 32
fmt/print.go:1040.2,1040.20 1 1
fmt/print.go:1031.35,1032.23 1 64
fmt/print.go:1032.23,1034.24 2 31
fmt/print.go:1037.4,1037.33 1 29
fmt/print.go:1034.24,1036.5 1 2
fmt/print.go:1046.105,1047.42 1 28816
fmt/print.go:1050.2,1052.41 3 32
fmt/print.go:1055.2,1056.30 2 9
fmt/print.go:1047.42,1049.3 1 28826
fmt/print.go:1052.41,1054.3 1 23
fmt/print.go:1059.55,1064.23 5 7021
fmt/print.go:1189.2,1189.37 1 7022
fmt/print.go:1064.23,1067.35 3 14165
fmt/print.go:1070.3,1070.16 1 14173
fmt/print.go:1073.3,1073.15 1 14181
fmt/print.go:1079.3,1084.22 3 11800
fmt/print.go:1102.3,1105.34 2 11807
fmt/print.go:1120.3,1120.36 1 11814
fmt/print.go:1142.3,1142.18 1 11821
fmt/print.go:1146.3,1146.15 1 11828
fmt/print.go:1150.3,1153.15 3 11830
fmt/print.go:1157.3,1157.20 1 11836
fmt/print.go:1168.3,1171.15 3 11832
fmt/print.go:1183.3,1183.24 1 11839
fmt/print.go:1067.35,1069.4 1 11172
fmt/print.go:1070.16,1072.4 1 9106
fmt/print.go:1073.15,1075.9 1 2400
fmt/print.go:1084.22,1085.21 1 19934
fmt/print.go:1086.4,1087.23 1 85
fmt/print.go:1088.4,1089.22 1 2644
fmt/print.go:1090.4,1091.22 1 3525
fmt/print.go:1092.4,1093.23 1 42
fmt/print.go:1094.4,1095.23 1 1755
fmt/print.go:1096.4,1097.12 1 11925
fmt/print.go:1105.34,1108.25 3 14
fmt/print.go:1111.4,1111.22 1 14
fmt/print.go:1108.25,1110.5 1 2
fmt/print.go:1112.4,1114.38 2 11940
fmt/print.go:1114.38,1116.5 1 1
fmt/print.go:1120.36,1122.18 2 5374
fmt/print.go:1125.4,1126.24 2 5374
fmt/print.go:1122.18,1124.5 1 1
fmt/print.go:1126.24,1129.27 3 6
fmt/print.go:1132.5,1132.23 1 6
fmt/print.go:1129.27,1131.6 1 1
fmt/print.go:1133.5,1135.27 2 5368
fmt/print.go:1135.27,1138.6 2 5
fmt/print.go:1142.18,1144.4 1 12006
fmt/print.go:1146.15,1148.12 2 5
fmt/print.go:1153.15,1155.12 2 1
fmt/print.go:1157.20,1161.12 4 10
fmt/print.go:1162.4,1162.30 1 12036
fmt/print.go:1162.30,1166.12 4 1
fmt/print.go:1171.15,1172.19 1 123
fmt/print.go:1177.4,1177.18 1 123
fmt/print.go:1172.19,1176.5 2 34
fmt/print.go:1177.18,1181.5 2 14
fmt/print.go:1189.37,1191.35 2 4
fmt/print.go:1202.3,1202.23 1 4
fmt/print.go:1191.35,1193.18 2 4
fmt/print.go:1197.4,1198.25 2 4
fmt/print.go:1193.18,1196.5 2 4
fmt/print.go:1198.25,1200.5 1 0
fmt/print.go:1206.66,1208.45 2 22
fmt/print.go:1220.2,1220.16 1 22
fmt/print.go:1208.45,1212.17 3 35
fmt/print.go:1218.3,1218.39 1 35
fmt/print.go:1212.17,1214.44 2 13
fmt/print.go:1214.44,1216.5 1 8
fmt/print.go:1220.16,1222.3 1 3
fmt/scan.go:71.48,73.2 1 0
fmt/scan.go:77.50,79.2 1 0
fmt/scan.go:84.64,86.2 1 0
fmt/scan.go:90.58,93.12 3 646
fmt/scan.go:96.2,96.8 1 646
fmt/scan.go:93.12,95.3 1 52
fmt/scan.go:103.61,105.2 1 18
fmt/scan.go:109.63,111.2 1 2
fmt/scan.go:116.77,118.2 1 105
fmt/scan.go:124.62,129.2 4 1782
fmt/scan.go:133.64,138.2 4 149
fmt/scan.go:143.78,148.2 4 947
fmt/scan.go:183.50,185.2 1 0
fmt/scan.go:187.55,188.21 1 19724
fmt/scan.go:196.2,196.73 1 18442
fmt/scan.go:201.2,202.16 2 18365
fmt/scan.go:208.2,208.8 1 18365
fmt/scan.go:188.21,195.3 6 1282
fmt/scan.go:196.73,199.3 2 77
fmt/scan.go:202.16,205.3 2 18289
fmt/scan.go:205.3,205.26 1 76
fmt/scan.go:205.26,207.3 1 76
fmt/scan.go:211.41,212.25 1 0
fmt/scan.go:215.2,215.23 1 0
fmt/scan.go:212.25,214.3 1 0
fmt/scan.go:220.33,222.16 2 19700
fmt/scan.go:228.2,228.8 1 19548
fmt/scan.go:222.16,223.20 1 152
fmt/scan.go:226.3,226.15 1 0
fmt/scan.go:223.20,225.4 1 152
fmt/scan.go:234.38,236.14 2 950
fmt/scan.go:239.2,239.8 1 949
fmt/scan.go:236.14,238.3 1 1
fmt/scan.go:242.33,243.38 1 12076
fmt/scan.go:248.2,250.12 3 12076
fmt/scan.go:243.38,245.3 1 10678
fmt/scan.go:245.3,247.3 1 1398
fmt/scan.go:253.31,255.2 1 7
fmt/scan.go:257.38,259.2 1 19
fmt/scan.go:261.79,262.15 1 16
fmt/scan.go:271.2,271.14 1 16
fmt/scan.go:274.2,276.8 3 16
fmt/scan.go:262.15,263.31 1 16
fmt/scan.go:263.31,264.35 1 0
fmt/scan.go:264.35,266.5 1 0
fmt/scan.go:266.5,268.5 1 0
fmt/scan.go:271.14,273.3 1 6
fmt/scan.go:294.27,295.16 1 1117443
fmt/scan.go:298.2,299.28 2 68867
fmt/scan.go:307.2,307.14 1 53253
fmt/scan.go:295.16,297.3 1 1048576
fmt/scan.go:299.28,300.18 1 626134
fmt/scan.go:303.3,303.19 1 610703
fmt/scan.go:300.18,302.4 1 15431
fmt/scan.go:303.19,305.4 1 183
fmt/scan.go:311.28,313.2 1 210
fmt/scan.go:318.26,320.2 1 0
fmt/scan.go:334.51,335.19 1 1442
fmt/scan.go:341.2,342.12 2 1441
fmt/scan.go:345.2,345.26 1 1377
fmt/scan.go:335.19,340.3 4 1
fmt/scan.go:342.12,344.3 1 64
fmt/scan.go:349.39,352.2 2 1
fmt/scan.go:356.62,358.16 2 1430
fmt/scan.go:361.2,361.30 1 1367
fmt/scan.go:366.2,367.45 2 8
fmt/scan.go:377.2,378.14 2 8
fmt/scan.go:381.2,381.8 1 8
fmt/scan.go:358.16,360.3 1 63
fmt/scan.go:361.30,365.3 3 1359
fmt/scan.go:367.45,369.17 2 12
fmt/scan.go:369.17,370.21 1 1
fmt/scan.go:374.4,374.10 1 0
fmt/scan.go:370.21,372.10 2 1
fmt/scan.go:378.14,380.3 1 1
fmt/scan.go:385.26,385.44 1 4
fmt/scan.go:389.76,393.8 2 2878
fmt/scan.go:401.2,402.37 2 1272
fmt/scan.go:407.2,417.8 11 1272
fmt/scan.go:393.8,399.3 5 1606
fmt/scan.go:402.37,404.3 1 980
fmt/scan.go:404.3,406.3 1 292
fmt/scan.go:421.30,423.19 1 2878
fmt/scan.go:428.2,428.23 1 1272
fmt/scan.go:431.2,433.15 3 1272
fmt/scan.go:423.19,426.3 2 1606
fmt/scan.go:428.23,430.3 1 0
fmt/scan.go:437.44,438.6 1 2163
fmt/scan.go:438.6,440.15 2 2255
fmt/scan.go:443.3,443.32 1 2214
fmt/scan.go:446.3,446.16 1 2214
fmt/scan.go:456.3,456.18 1 2212
fmt/scan.go:440.15,442.4 1 41
fmt/scan.go:443.32,444.12 1 0
fmt/scan.go:446.16,447.21 1 2
fmt/scan.go:450.4,450.19 1 1
fmt/scan.go:453.4,454.10 2 1
fmt/scan.go:447.21,448.10 1 1
fmt/scan.go:450.19,451.13 1 0
fmt/scan.go:456.18,458.9 2 2120
fmt/scan.go:466.62,467.15 1 55
fmt/scan.go:471.2,471.6 1 55
fmt/scan.go:482.2,482.14 1 55
fmt/scan.go:467.15,469.3 1 55
fmt/scan.go:471.6,473.15 2 269
fmt/scan.go:476.3,476.12 1 248
fmt/scan.go:480.3,480.21 1 214
fmt/scan.go:473.15,474.9 1 21
fmt/scan.go:476.12,478.9 2 34
fmt/scan.go:488.38,489.22 1 12085
fmt/scan.go:494.2,494.11 1 6022
fmt/scan.go:489.22,490.13 1 56054
fmt/scan.go:490.13,492.4 1 6063
fmt/scan.go:499.51,501.14 2 10143
fmt/scan.go:504.2,504.27 1 10104
fmt/scan.go:510.2,510.24 1 4114
fmt/scan.go:513.2,513.14 1 4114
fmt/scan.go:501.14,503.3 1 39
fmt/scan.go:504.27,505.13 1 5990
fmt/scan.go:508.3,508.14 1 5990
fmt/scan.go:505.13,507.4 1 5973
fmt/scan.go:510.24,512.3 1 4114
fmt/scan.go:517.35,519.14 2 1874
fmt/scan.go:522.2,522.30 1 1874
fmt/scan.go:519.14,521.3 1 1872
fmt/scan.go:525.23,527.32 1 3973
fmt/scan.go:530.2,530.16 1 3932
fmt/scan.go:527.32,529.3 1 41
fmt/scan.go:535.37,537.2 1 10126
fmt/scan.go:540.58,541.28 1 2075
fmt/scan.go:546.2,547.14 2 2
fmt/scan.go:541.28,542.16 1 13877
fmt/scan.go:542.16,544.4 1 2073
fmt/scan.go:551.39,554.38 3 26
fmt/scan.go:558.2,558.21 1 22
fmt/scan.go:574.2,574.14 1 0
fmt/scan.go:554.38,556.3 1 0
fmt/scan.go:559.2,560.15 1 0
fmt/scan.go:561.2,562.14 1 0
fmt/scan.go:563.2,564.61 1 10
fmt/scan.go:567.3,567.14 1 10
fmt/scan.go:568.2,569.80 1 12
fmt/scan.go:572.3,572.15 1 12
fmt/scan.go:564.61,566.4 1 0
fmt/scan.go:569.80,571.4 1 0
fmt/scan.go:589.59,593.14 4 1897
fmt/scan.go:604.2,604.8 1 1895
fmt/scan.go:594.2,596.24 2 2
fmt/scan.go:597.2,599.23 2 4
fmt/scan.go:600.2,602.29 2 7
fmt/scan.go:608.64,609.17 1 1895
fmt/scan.go:615.2,615.23 1 1895
fmt/scan.go:617.2,617.22 1 1895
fmt/scan.go:609.17,611.24 2 1851
fmt/scan.go:611.24,613.4 1 0
fmt/scan.go:615.23,616.3 0 3502
fmt/scan.go:621.42,626.12 5 18
fmt/scan.go:629.2,629.10 1 16
fmt/scan.go:626.12,628.3 1 2
fmt/scan.go:635.69,636.18 1 1830
fmt/scan.go:639.2,643.18 4 44
fmt/scan.go:647.2,647.8 1 44
fmt/scan.go:636.18,638.3 1 1786
fmt/scan.go:643.18,646.3 2 13
fmt/scan.go:652.52,653.17 1 1831
fmt/scan.go:656.2,660.17 5 1813
fmt/scan.go:670.2,672.16 3 1801
fmt/scan.go:675.2,677.12 3 1801
fmt/scan.go:680.2,680.10 1 1797
fmt/scan.go:653.17,655.3 1 18
fmt/scan.go:660.17,661.55 1 1
fmt/scan.go:661.55,663.4 1 0
fmt/scan.go:664.3,666.18 2 1800
fmt/scan.go:666.18,668.4 1 1753
fmt/scan.go:672.16,674.3 1 0
fmt/scan.go:677.12,679.3 1 4
fmt/scan.go:685.54,686.17 1 98
fmt/scan.go:689.2,693.17 5 98
fmt/scan.go:700.2,702.16 3 94
fmt/scan.go:705.2,707.12 3 94
fmt/scan.go:710.2,710.10 1 92
fmt/scan.go:686.17,688.3 1 0
fmt/scan.go:693.17,694.55 1 1
fmt/scan.go:694.55,696.4 1 0
fmt/scan.go:697.3,697.24 1 93
fmt/scan.go:697.24,699.3 1 77
fmt/scan.go:702.16,704.3 1 0
fmt/scan.go:707.12,709.3 1 2
fmt/scan.go:716.34,719.56 2 108
fmt/scan.go:723.2,725.56 2 99
fmt/scan.go:729.2,729.30 1 72
fmt/scan.go:732.2,732.22 1 72
fmt/scan.go:738.2,738.24 1 72
fmt/scan.go:745.2,745.22 1 72
fmt/scan.go:719.56,721.3 1 9
fmt/scan.go:725.56,727.3 1 27
fmt/scan.go:729.30,730.3 0 73
fmt/scan.go:732.22,734.31 1 44
fmt/scan.go:734.31,735.4 0 51
fmt/scan.go:738.24,742.31 2 49
fmt/scan.go:742.31,743.4 0 67
fmt/scan.go:751.50,757.21 4 19
fmt/scan.go:761.2,763.20 3 19
fmt/scan.go:766.2,766.30 1 19
fmt/scan.go:769.2,769.30 1 19
fmt/scan.go:757.21,759.3 1 0
fmt/scan.go:763.20,765.3 1 0
fmt/scan.go:766.30,768.3 1 0
fmt/scan.go:773.54,774.38 1 107
fmt/scan.go:795.2,796.16 2 91
fmt/scan.go:799.2,799.10 1 86
fmt/scan.go:774.38,778.17 2 16
fmt/scan.go:785.3,786.17 2 16
fmt/scan.go:793.3,793.26 1 16
fmt/scan.go:778.17,780.44 1 0
fmt/scan.go:783.4,783.16 1 0
fmt/scan.go:780.44,782.5 1 0
fmt/scan.go:786.17,788.44 1 0
fmt/scan.go:791.4,791.16 1 0
fmt/scan.go:788.44,790.5 1 0
fmt/scan.go:796.16,798.3 1 5
fmt/scan.go:806.55,807.44 1 23
fmt/scan.go:810.2,815.28 6 23
fmt/scan.go:807.44,809.3 1 0
fmt/scan.go:820.52,821.39 1 63
fmt/scan.go:824.2,826.14 3 63
fmt/scan.go:834.2,834.8 1 47
fmt/scan.go:821.39,823.3 1 0
fmt/scan.go:827.2,828.25 1 6
fmt/scan.go:829.2,830.22 1 2
fmt/scan.go:831.2,832.40 1 39
fmt/scan.go:838.36,841.15 3 6
fmt/scan.go:875.2,875.11 1 0
fmt/scan.go:842.2,844.7 1 2
fmt/scan.go:851.3,851.23 1 2
fmt/scan.go:852.2,855.7 2 4
fmt/scan.go:867.3,868.17 2 4
fmt/scan.go:871.3,871.16 1 4
fmt/scan.go:872.2,873.42 1 0
fmt/scan.go:844.7,846.18 2 35
fmt/scan.go:849.4,849.22 1 33
fmt/scan.go:846.18,847.10 1 2
fmt/scan.go:855.7,858.17 3 57
fmt/scan.go:858.17,863.5 1 8
fmt/scan.go:863.5,863.23 1 49
fmt/scan.go:863.23,864.10 1 4
fmt/scan.go:868.17,870.4 1 0
fmt/scan.go:879.35,881.15 2 32
fmt/scan.go:889.2,890.10 2 0
fmt/scan.go:882.2,883.21 1 29
fmt/scan.go:884.2,885.26 1 3
fmt/scan.go:886.2,887.26 1 0
fmt/scan.go:895.42,897.18 2 18
fmt/scan.go:900.2,900.20 1 18
fmt/scan.go:904.2,905.61 2 16
fmt/scan.go:897.18,899.3 1 0
fmt/scan.go:900.20,903.3 2 2
fmt/scan.go:909.33,911.6 2 2
fmt/scan.go:918.2,918.21 1 2
fmt/scan.go:922.2,922.22 1 2
fmt/scan.go:911.6,913.10 2 18
fmt/scan.go:916.3,916.21 1 16
fmt/scan.go:913.10,914.9 1 2
fmt/scan.go:918.21,921.3 2 0
fmt/scan.go:930.50,934.32 3 2938
fmt/scan.go:945.2,945.25 1 2116
fmt/scan.go:934.32,936.17 2 822
fmt/scan.go:942.3,942.9 1 821
fmt/scan.go:936.17,937.21 1 1
fmt/scan.go:940.4,940.16 1 1
fmt/scan.go:937.21,939.5 1 1
fmt/scan.go:946.2,947.24 1 14
fmt/scan.go:948.2,949.42 1 8
fmt/scan.go:950.2,951.32 1 11
fmt/scan.go:952.2,953.37 1 1705
fmt/scan.go:954.2,955.32 1 29
fmt/scan.go:956.2,957.34 1 19
fmt/scan.go:958.2,959.34 1 28
fmt/scan.go:960.2,961.27 1 17
fmt/scan.go:962.2,963.39 1 30
fmt/scan.go:964.2,965.34 1 14
fmt/scan.go:966.2,967.36 1 6
fmt/scan.go:968.2,969.36 1 6
fmt/scan.go:970.2,971.28 1 5
fmt/scan.go:972.2,973.46 1 0
fmt/scan.go:976.2,977.44 1 19
fmt/scan.go:982.2,983.44 1 51
fmt/scan.go:988.2,989.29 1 39
fmt/scan.go:990.2,993.37 1 10
fmt/scan.go:994.2,997.32 3 105
fmt/scan.go:1001.3,1001.36 1 104
fmt/scan.go:977.44,981.4 3 19
fmt/scan.go:983.44,987.4 3 51
fmt/scan.go:997.32,1000.4 2 1
fmt/scan.go:1002.3,1003.31 1 12
fmt/scan.go:1004.3,1005.46 1 33
fmt/scan.go:1006.3,1007.48 1 37
fmt/scan.go:1008.3,1009.38 1 7
fmt/scan.go:1010.3,1013.42 2 7
fmt/scan.go:1016.4,1018.34 3 7
fmt/scan.go:1021.3,1024.63 3 4
fmt/scan.go:1025.3,1026.54 1 4
fmt/scan.go:1027.3,1028.60 1 0
fmt/scan.go:1013.42,1015.5 1 0
fmt/scan.go:1018.34,1020.5 1 16
fmt/scan.go:1034.32,1035.30 1 2878
fmt/scan.go:1035.30,1036.34 1 67
fmt/scan.go:1036.34,1038.4 1 26
fmt/scan.go:1038.4,1038.55 1 41
fmt/scan.go:1038.55,1040.4 1 41
fmt/scan.go:1040.4,1042.4 1 0
fmt/scan.go:1047.68,1049.24 2 1931
fmt/scan.go:1054.2,1054.18 1 1911
fmt/scan.go:1066.2,1066.8 1 1910
fmt/scan.go:1049.24,1052.3 2 1961
fmt/scan.go:1054.18,1055.7 1 146
fmt/scan.go:1055.7,1057.29 2 153
fmt/scan.go:1060.4,1060.19 1 8
fmt/scan.go:1057.29,1058.10 1 145
fmt/scan.go:1060.19,1062.10 2 1
fmt/scan.go:1076.45,1077.22 1 1806
fmt/scan.go:1115.2,1115.8 1 3
fmt/scan.go:1077.22,1079.18 2 2645
fmt/scan.go:1087.3,1088.40 2 853
fmt/scan.go:1093.3,1093.15 1 853
fmt/scan.go:1108.3,1109.21 2 834
fmt/scan.go:1113.3,1113.9 1 831
fmt/scan.go:1079.18,1082.20 2 1794
fmt/scan.go:1085.4,1085.10 1 2
fmt/scan.go:1082.20,1084.5 1 1792
fmt/scan.go:1088.40,1092.4 3 19
fmt/scan.go:1093.15,1097.39 2 19
fmt/scan.go:1101.4,1101.24 1 11
fmt/scan.go:1105.4,1106.12 2 11
fmt/scan.go:1097.39,1100.5 1 8
fmt/scan.go:1101.24,1104.5 1 0
fmt/scan.go:1109.21,1112.4 2 2
fmt/scan.go:1120.84,1124.24 3 947
fmt/scan.go:1165.2,1165.27 1 903
fmt/scan.go:1168.2,1168.8 1 901
fmt/scan.go:1124.24,1126.12 2 1806
fmt/scan.go:1131.3,1131.23 1 981
fmt/scan.go:1139.3,1144.18 4 979
fmt/scan.go:1147.3,1148.46 2 979
fmt/scan.go:1152.3,1155.29 3 979
fmt/scan.go:1159.3,1163.23 4 977
fmt/scan.go:1126.12,1128.12 2 824
fmt/scan.go:1131.23,1133.13 1 2
fmt/scan.go:1137.4,1137.9 1 0
fmt/scan.go:1133.13,1135.5 1 2
fmt/scan.go:1144.18,1146.4 1 956
fmt/scan.go:1148.46,1150.4 1 23
fmt/scan.go:1155.29,1157.9 2 2
fmt/scan.go:1165.27,1167.3 1 2
